---
source: tests/codex_provider.rs
expression: dump_conversation(&c)
---
session_id: fixture-unknown
agent: Codex
cwd: /work/proj
started_at: 2026-05-14T12:00:00Z
blocks:
  [0] SystemEvent: label=session_meta detail={"cwd":"/work/proj","id":"fixture-unknown","originator":"test","timestamp":"2026-05-14T12:00:00Z"}
  [1] HumanMessage: "hello"
  [2] UnknownEvent: raw_type=future-thing raw_excerpt={"payload":{"type":"future-thing","x":1},"timestamp":"2026-05-14T12:00:02Z","type":"event_msg"}
  [3] AgentMessage: "unknown handled"
